// Jest Snapshot v1, https://goo.gl/fbAQLP

exports[`validate HTML 1`] = `
<ContextProvider
  value={
    Object {
      "store": Object {
        "dispatch": [Function],
        "getState": [Function],
        "subscribe": [Function],
      },
      "subscription": Object {
        "addNestedSub": [Function],
        "getListeners": [Function],
        "handleChangeWrapper": [Function],
        "isSubscribed": [Function],
        "notifyNestedSubs": [Function],
        "onStateChange": [Function],
        "trySubscribe": [Function],
        "tryUnsubscribe": [Function],
      },
    }
  }
>
  <Connect(ProductDetails)
    isNoResult={false}
    products={
      Object {
        "initialConfig": Object {
          "isLoading": false,
        },
      }
    }
  />
</ContextProvider>
`;
